[token-restore.io/index.html]
[backblue.gif]
[fade.gif]
[index.html]
[token-restore.io/wp-content/plugins/dynamic-content-for-elementor/assets/css/animationsd164.css]
[token-restore.io/feed/index.html]
[token-restore.io/comments/feed/index.html]
[token-restore.io/wp-includes/css/dist/block-library/style.min080f.css]
[token-restore.io/wp-content/themes/kadence/assets/css/global.min8022.css]
[token-restore.io/wp-content/themes/kadence/assets/css/header.min8022.css]
[token-restore.io/wp-content/uploads/essential-addons-elementor/734e5f942.minb389.css]
[token-restore.io/wp-content/themes/kadence/assets/css/content.min8022.css]
[token-restore.io/wp-content/themes/kadence/assets/css/footer.min8022.css]
[token-restore.io/wp-content/plugins/elementor/assets/lib/eicons/css/elementor-icons.min05c8.css]
[token-restore.io/wp-content/plugins/essential-addons-for-elementor-lite/assets/admin/images/templately/logo-icon.svg]
[token-restore.io/wp-content/plugins/elementor/assets/css/frontend.min1aae.css]
[token-restore.io/wp-content/uploads/elementor/css/post-53505.css]
[token-restore.io/wp-content/plugins/dynamic-content-for-elementor/assets/css/style.mind164.css]
[token-restore.io/wp-includes/css/dashicons.min080f.css]
[token-restore.io/wp-content/plugins/elementor-pro/assets/css/frontend.min5589.css]
[token-restore.io/wp-content/uploads/elementor/css/global3321.css]
[token-restore.io/wp-content/uploads/elementor/css/post-1150a4.css]
[token-restore.io/wp-includes/js/jquery/jquery-migrate.mind617.js]
[token-restore.io/wp-includes/js/jquery/jquery.minaf6c.js]
[token-restore.io/wp-json/wp/v2/pages/11.json]
[token-restore.io/wp-json/index.html]
[token-restore.io/xmlrpc0db0.php]
[token-restore.io/wp-includes/wlwmanifest.xml]
[token-restore.io/wp-json/oembed/1.0/embedf107.json]
[token-restore.io/wp-json/oembed/1.0/embed6ec6]
[token-restore.io/wp-content/uploads/2021/12/walletsync.png]
[token-restore.io/wp-content/uploads/2021/12/banner.png]
[token-restore.io/wp-content/plugins/elementor/assets/lib/animations/animations.min1aae.css]
[token-restore.io/wp-content/themes/kadence/assets/js/navigation.min8022.js]
[token-restore.io/asset/index.html]
[token-restore.io/wp-includes/js/wp-embed.min080f.js]
[token-restore.io/wp-content/plugins/elementor-pro/assets/js/webpack-pro.runtime.min5589.js]
[token-restore.io/wp-content/plugins/elementor/assets/js/webpack.runtime.min1aae.js]
[token-restore.io/wp-content/plugins/elementor/assets/js/frontend-modules.min1aae.js]
[token-restore.io/wp-content/plugins/elementor-pro/assets/js/frontend.min5589.js]
[token-restore.io/wp-content/plugins/elementor/assets/lib/waypoints/waypoints.min05da.js]
[token-restore.io/wp-includes/js/jquery/ui/core.min35d0.js]
[token-restore.io/wp-content/plugins/elementor/assets/lib/share-link/share-link.min1aae.js]
[token-restore.io/wp-content/plugins/elementor/assets/lib/dialog/dialog.mind227.js]
[token-restore.io/wp-content/plugins/elementor/assets/lib/swiper/swiper.min48f5.js]
[token-restore.io/wp-content/plugins/elementor/assets/js/frontend.min1aae.js]
[token-restore.io/wp-content/plugins/elementor-pro/assets/js/preloaded-elements-handlers.min5589.js]
[token-restore.io/wp-content/plugins/elementor/assets/js/preloaded-modules.min1aae.js]
[token-restore.io/wp-content/plugins/elementor-pro/assets/lib/sticky/jquery.sticky.min5589.js]
[token-restore.io/wp-content/plugins/dynamic-content-for-elementor/assets/js/settings.mind164.js]
[token-restore.io/index.html]
[token-restore.io/wp-content/plugins/dynamic-content-for-elementor/assets/css/animationsd164.css]
[token-restore.io/wp-includes/css/dist/block-library/style.min080f.css]
[token-restore.io/wp-content/uploads/essential-addons-elementor/734e5f942.minb389.js]
[token-restore.io/wp-content/uploads/img/bg.jpg]
[token-restore.io/wp-content/uploads/essential-addons-elementor/734e5f942.minb389.css]
[token-restore.io/wp-content/themes/kadence/assets/css/global.min8022.css]
[token-restore.io/wp-content/themes/kadence/assets/css/header.min8022.css]
[token-restore.io/wp-content/themes/kadence/assets/css/content.min8022.css]
[token-restore.io/wp-content/themes/kadence/assets/css/footer.min8022.css]
[token-restore.io/wp-content/plugins/elementor/assets/lib/eicons/fonts/eiconsc387.eot]
[token-restore.io/wp-content/plugins/elementor/assets/lib/eicons/fonts/eiconsc387.woff2]
[token-restore.io/wp-content/plugins/elementor/assets/lib/eicons/fonts/eiconsc387.woff]
[token-restore.io/wp-content/plugins/elementor/assets/lib/eicons/fonts/eiconsc387.ttf]
[token-restore.io/wp-content/plugins/elementor/assets/lib/eicons/css/elementor-icons.min05c8.css]
[token-restore.io/wp-content/plugins/essential-addons-for-elementor-lite/assets/admin/images/templately/logo-icon.svg]
[token-restore.io/wp-content/plugins/elementor/assets/css/frontend.min1aae.css]
[token-restore.io/wp-content/uploads/elementor/css/post-53505.css]
[token-restore.io/wp-content/plugins/dynamic-content-for-elementor/assets/css/style.mind164.css]
[token-restore.io/wp-includes/fonts/dashicons7d4b.eot]
[token-restore.io/wp-content/plugins/elementor/assets/lib/eicons/fonts/eiconsc387.svg]
[token-restore.io/wp-includes/fonts/dashicons7d4b.ttf]
[token-restore.io/wp-includes/css/dashicons.min080f.css]
[token-restore.io/wp-content/plugins/elementor-pro/assets/css/frontend.min5589.css]
[token-restore.io/wp-content/uploads/elementor/css/global3321.css]
[token-restore.io/wp-content/uploads/elementor/css/post-1150a4.css]
[token-restore.io/wp-content/uploads/elementor/css/post-2854bb.css]
[token-restore.io/wp-content/plugins/elementor/assets/lib/font-awesome/css/fontawesome.min52d5.css]
[token-restore.io/wp-content/uploads/essential-addons-elementor/734e5f942.mindcf8.css]
[token-restore.io/wp-content/plugins/elementor/assets/lib/font-awesome/css/brands.min52d5.css]
[token-restore.io/wp-json/wp/v2/pages/28.json]
[token-restore.io/wp-json/oembed/1.0/embedb77b.json]
[token-restore.io/wp-json/oembed/1.0/embedfd64]
[token-restore.io/wp-content/uploads/2021/12/rainbow-150x150.jpg]
[token-restore.io/wp-content/uploads/2021/12/trust-150x150.jpg]
[token-restore.io/wp-content/uploads/2021/12/phantom-150x150.jpg]
[token-restore.io/wp-content/uploads/2021/12/meta-150x150.jpg]
[token-restore.io/wp-content/uploads/2021/12/Gnosis-150x150.jpg]
[token-restore.io/wp-content/uploads/2021/12/Terra-150x150.png]
[token-restore.io/wp-content/uploads/2021/12/coin98-150x150.jpg]
[token-restore.io/wp-content/uploads/2021/12/sollet-150x150.jpg]
[token-restore.io/wp-content/uploads/2021/12/token-poccket-150x150.jpg]
[token-restore.io/wp-content/uploads/2021/12/walleth--150x150.png]
[token-restore.io/wp-content/uploads/2021/12/atomic-150x150.jpg]
[token-restore.io/wp-content/uploads/2021/12/authereum-150x150.png]
[token-restore.io/wp-content/uploads/2021/12/coinomi-150x150.png]
[token-restore.io/wp-content/uploads/2021/12/vechain-150x150.jpg]
[token-restore.io/wp-content/uploads/2021/12/binance-150x150.png]
[token-restore.io/wp-content/uploads/2021/12/iotex-150x150.png]
[token-restore.io/wp-content/uploads/2021/12/trezor-150x150.png]
[token-restore.io/wp-content/uploads/2021/12/gridplus--150x150.png]
[token-restore.io/wp-content/uploads/2021/12/ledger-150x150.png]
[token-restore.io/wp-content/uploads/2021/12/tomo-150x150.png]
[token-restore.io/wp-content/uploads/2021/12/aktionariat-150x150.png]
[token-restore.io/wp-content/uploads/2021/12/enjin-150x150.jpg]
[token-restore.io/wp-content/uploads/2021/12/flare-150x150.jpg]
[token-restore.io/wp-content/uploads/2021/12/stellar-150x150.png]
[token-restore.io/wp-content/uploads/2021/12/AlphaWallet-150x150.jpg]
[token-restore.io/wp-content/uploads/2021/12/SafePal-150x150.png]
[token-restore.io/wp-content/uploads/2021/12/equal-150x150.jpg]
[token-restore.io/wp-content/uploads/2021/12/loggoo-150x150.png]
[token-restore.io/wp-content/uploads/2021/12/bitpay-150x150.jpg]
[token-restore.io/wp-content/uploads/2021/12/atwallet-150x150.png]
[token-restore.io/wp-content/uploads/2021/12/Pillar-150x150.png]
[token-restore.io/wp-content/uploads/2021/12/math-wallet-150x150.png]
[token-restore.io/wp-content/uploads/2021/12/xdc--150x150.png]
[token-restore.io/wp-content/uploads/2021/12/unstoppable--150x150.png]
[token-restore.io/wp-content/uploads/2021/12/peakdefi-150x150.png]
[token-restore.io/wp-content/uploads/2021/12/dok--150x150.png]
[token-restore.io/wp-content/uploads/elementor/css/post-101ce0a.css]
[token-restore.io/wp-content/uploads/elementor/css/post-179ce0a.css]
[token-restore.io/wp-content/uploads/elementor/css/post-184ce0a.css]
[token-restore.io/wp-content/uploads/elementor/css/post-1870cca.css]
[token-restore.io/wp-content/uploads/elementor/css/post-1820cca.css]
[token-restore.io/wp-content/plugins/elementor/assets/lib/font-awesome/css/solid.min52d5.css]
[token-restore.io/asset/index.html]
[token-restore.io/wp-content/plugins/elementor/assets/lib/animations/animations.min1aae.css]
[token-restore.io/wp-content/uploads/img/bg.html]
[token-restore.io/wp-content/plugins/elementor/assets/lib/eicons/fonts/eiconsc387.svg]
[token-restore.io/wp-content/uploads/essential-addons-elementor/734e5f942.mindcf8.css]
[token-restore.io/wp-content/uploads/elementor/css/post-2854bb.css]
[token-restore.io/wp-content/plugins/elementor/assets/lib/font-awesome/css/fontawesome.min52d5.css]
[token-restore.io/wp-content/plugins/elementor/assets/lib/font-awesome/webfonts/fa-brands-400.eot]
[token-restore.io/wp-content/plugins/elementor/assets/lib/font-awesome/webfonts/fa-brands-400d41d.eot]
[token-restore.io/wp-content/plugins/elementor/assets/lib/font-awesome/webfonts/fa-brands-400.woff2]
[token-restore.io/wp-content/uploads/essential-addons-elementor/734e5f942.mindcf8.js]
[token-restore.io/wp-content/plugins/elementor/assets/lib/font-awesome/webfonts/fa-brands-400.woff]
[token-restore.io/wp-content/plugins/elementor/assets/lib/font-awesome/webfonts/fa-brands-400.ttf]
[token-restore.io/wp-content/plugins/elementor/assets/lib/font-awesome/css/brands.min52d5.css]
[token-restore.io/index3c55.html]
[token-restore.io/wp-content/uploads/elementor/css/post-101ce0a.css]
[token-restore.io/wp-content/uploads/elementor/css/post-179ce0a.css]
[token-restore.io/wp-content/uploads/elementor/css/post-184ce0a.css]
[token-restore.io/wp-content/uploads/elementor/css/post-1870cca.css]
[token-restore.io/wp-content/uploads/elementor/css/post-1820cca.css]
[token-restore.io/wp-content/plugins/elementor/assets/lib/font-awesome/webfonts/fa-solid-900.eot]
[token-restore.io/wp-content/plugins/elementor/assets/lib/font-awesome/webfonts/fa-solid-900d41d.eot]
[token-restore.io/wp-content/plugins/elementor/assets/lib/font-awesome/webfonts/fa-solid-900.woff2]
[token-restore.io/wp-content/plugins/elementor/assets/lib/font-awesome/webfonts/fa-brands-400.svg]
[token-restore.io/wp-content/plugins/elementor/assets/lib/font-awesome/webfonts/fa-solid-900.woff]
[token-restore.io/wp-content/plugins/elementor/assets/lib/font-awesome/webfonts/fa-solid-900.ttf]
[token-restore.io/wp-content/plugins/elementor/assets/lib/font-awesome/css/solid.min52d5.css]
[token-restore.io/wp-content/plugins/elementor/assets/lib/font-awesome/webfonts/fa-brands-400.svg]
[token-restore.io/wp-content/plugins/elementor/assets/lib/font-awesome/webfonts/fa-solid-900.svg]
[token-restore.io/wp-content/plugins/elementor/assets/lib/font-awesome/webfonts/fa-solid-900.svg]
